{
  "data": {
    "country": {
      "id": "Q291bnRyeQpnMDAwMDAwMDAwMDAwMDAwMDAwMDAwMDAwMDAwMDAwMDA=",
      "translation": {
        "language": "ru",
        "name": "\u0420\u043E\u0441\u0441\u0438\u044F"
      },
      "translations": [
        {
          "language": "ru",
          "name": "\u0420\u043E\u0441\u0441\u0438\u044F"
        },
        {
          "language": "en",
          "name": "Russian"
        }
      ]
    }
  }
}