{
  "data": {
    "deleteCountry": {
      "country": {
        "id": "Q291bnRyeQpnNWE1MzM0MzJlZGRhNDZhZmFkYWEyZTZlNTFlNDYxNjM=",
        "name": "Russian"
      },
      "errors": null
    }
  }
}