{
  "data": {
    "updateCountry": {
      "country": {
        "id": "Q291bnRyeQpnNWE1MzM0MzJlZGRhNDZhZmFkYWEyZTZlNTFlNDYxNjM=",
        "name": "USA"
      },
      "errors": null
    }
  }
}