{
  "data": {
    "createCountry": {
      "country": null,
      "errors": [
        {
          "message": "There are 1 validation errors:\r\nThe length of \u0027Maximum length 20\u0027 must be 20 characters or fewer. You entered 24 characters. (Name)\r\n"
        }
      ]
    }
  }
}