{
  "data": {
    "createCountry": {
      "country": {
        "name": "Test"
      },
      "errors": null
    }
  }
}