{
  "data": {
    "imageUrl": "/api/image-storing/images/download/f28275dc-11d5-401c-aaa8-6485082d408c"
  }
}