{
  "data": {
    "imageUrlsByTag": [
      "/api/image-storing/images/download/f364a1ec-39a2-4dee-80aa-6b9eb422aebb",
      "/api/image-storing/images/download/cb0db529-bb65-4226-af0e-ac39614bb47f",
      "/api/image-storing/images/download/48ffbb3b-75de-4346-91c9-d24ae06ad682"
    ]
  }
}