{
  "data": {
    "countryByHumanFriendlyId": {
      "id": "Q291bnRyeQpnNWE1MzM0MzJlZGRhNDZhZmFkYWEyZTZlNTFlNDYxNjM=",
      "name": "Russian",
      "humanFriendlyId": 1
    }
  }
}