{
  "data": {
    "keycloakRoles": {
      "nodes": [
        {
          "name": "admin"
        }
      ],
      "pageInfo": {
        "endCursor": "MA==",
        "hasNextPage": false,
        "hasPreviousPage": false,
        "startCursor": "MA=="
      }
    }
  }
}