{
  "data": {
    "changeRolesForUser": {
      "keycloakUser": {
        "firstName": "Artem",
        "lastName": "Sharypov"
      },
      "errors": null
    }
  }
}