{
  "data": {
    "updateKeycloakRole": {
      "keycloakRole": {
        "name": "test-2-role"
      },
      "errors": null
    }
  }
}