{
  "data": {
    "deleteKeycloakRole": {
      "keycloakRole": {
        "name": "test-delete-graphql-8"
      },
      "errors": null
    }
  }
}