{
  "data": {
    "deleteKeycloakRole": {
      "keycloakRole": {
        "name": "test-delete-graphql-2864"
      },
      "errors": null
    }
  }
}