{
  "data": {
    "deleteLanguage": {
      "language": {
        "id": "TGFuZ3VhZ2UKZGd1",
        "code": "gu",
        "name": "\u0939\u093F\u0928\u094D\u0926\u0940"
      },
      "errors": null
    }
  }
}