{
  "data": {
    "language": {
      "id": "TGFuZ3VhZ2UKZGVu",
      "code": "en",
      "name": "English"
    }
  }
}