{
  "data": {
    "languages": {
      "nodes": [
        {
          "id": "TGFuZ3VhZ2UKZGFy",
          "code": "ar",
          "name": "\u0627\u064E\u0644\u0652\u0639\u064E\u0631\u064E\u0628\u0650\u064A\u064E\u0651\u0629\u064F"
        },
        {
          "id": "TGFuZ3VhZ2UKZHpo",
          "code": "zh",
          "name": "\u6C49\u8BED"
        },
        {
          "id": "TGFuZ3VhZ2UKZGVu",
          "code": "en",
          "name": "English"
        },
        {
          "id": "TGFuZ3VhZ2UKZGZy",
          "code": "fr",
          "name": "Fran\u00E7ais"
        },
        {
          "id": "TGFuZ3VhZ2UKZGRl",
          "code": "de",
          "name": "Deutsch"
        },
        {
          "id": "TGFuZ3VhZ2UKZGd1",
          "code": "gu",
          "name": "\u0939\u093F\u0928\u094D\u0926\u0940"
        },
        {
          "id": "TGFuZ3VhZ2UKZGJu",
          "code": "bn",
          "name": "\u09AC\u09BE\u0982\u09B2\u09BE"
        },
        {
          "id": "TGFuZ3VhZ2UKZGl0",
          "code": "it",
          "name": "Italiano"
        },
        {
          "id": "TGFuZ3VhZ2UKZGph",
          "code": "ja",
          "name": "\u65E5\u672C\u8A9E"
        },
        {
          "id": "TGFuZ3VhZ2UKZGtv",
          "code": "ko",
          "name": "\uD55C\uAD6D\uC5B4"
        }
      ],
      "pageInfo": {
        "endCursor": "OQ==",
        "hasNextPage": true,
        "hasPreviousPage": false,
        "startCursor": "MA=="
      }
    }
  }
}