{
  "data": {
    "createLanguage": {
      "language": {
        "id": "TGFuZ3VhZ2UKZHRlc3Q=",
        "code": "test",
        "name": "Test"
      },
      "errors": null
    }
  }
}