{
  "data": {
    "updateLanguage": {
      "language": {
        "id": "TGFuZ3VhZ2UKZHpo",
        "code": "zh",
        "name": "CH"
      },
      "errors": null
    }
  }
}