{
  "data": {
    "deleteSystemLanguage": {
      "systemLanguage": {
        "id": "U3lzdGVtTGFuZ3VhZ2UKZGd1",
        "code": "gu",
        "name": "हिन्दी"
      },
      "errors": null
    }
  }
}