{
  "data": {
    "systemLanguage": {
      "id": "U3lzdGVtTGFuZ3VhZ2UKZGVu",
      "code": "en",
      "name": "English"
    }
  }
}