{
  "data": {
    "systemLanguageById": {
      "id": "U3lzdGVtTGFuZ3VhZ2UKZHJ1",
      "code": "ru",
      "name": "\u0420\u0443\u0441\u0441\u043A\u0438\u0439"
    }
  }
}